// Jest Snapshot v1, https://goo.gl/fbAQLP

exports[`Snapshot 1`] = `
Object {
  "Parameters": Object {
    "BootstrapVersion": Object {
      "Default": "/cdk-bootstrap/hnb659fds/version",
      "Description": "Version of the CDK Bootstrap resources in this environment, automatically retrieved from SSM Parameter Store. [cdk:skip]",
      "Type": "AWS::SSM::Parameter::Value<String>",
    },
  },
  "Resources": Object {
    "IngestionForTFQueueFFCCB0A7": Object {
      "DeletionPolicy": "Delete",
      "Properties": Object {
        "KmsMasterKeyId": Object {
          "Fn::GetAtt": Array [
            "IngestionForTFQueueKeyFCFB8D39",
            "Arn",
          ],
        },
      },
      "Type": "AWS::SQS::Queue",
      "UpdateReplacePolicy": "Delete",
    },
    "IngestionForTFQueueKeyFCFB8D39": Object {
      "DeletionPolicy": "Retain",
      "Properties": Object {
        "Description": "Created by test/IngestionForTF/Queue",
        "KeyPolicy": Object {
          "Statement": Array [
            Object {
              "Action": "kms:*",
              "Effect": "Allow",
              "Principal": Object {
                "AWS": Object {
                  "Fn::Join": Array [
                    "",
                    Array [
                      "arn:",
                      Object {
                        "Ref": "AWS::Partition",
                      },
                      ":iam::",
                      Object {
                        "Ref": "AWS::AccountId",
                      },
                      ":root",
                    ],
                  ],
                },
              },
              "Resource": "*",
            },
          ],
          "Version": "2012-10-17",
        },
      },
      "Type": "AWS::KMS::Key",
      "UpdateReplacePolicy": "Retain",
    },
    "IngestionForTFReaderDB6E24DC": Object {
      "DependsOn": Array [
        "IngestionForTFReaderServiceRoleDefaultPolicyD6B56793",
        "IngestionForTFReaderServiceRole6E7755E6",
      ],
      "Properties": Object {
        "Code": Object {
          "S3Bucket": Object {
            "Fn::Sub": "cdk-hnb659fds-assets-\${AWS::AccountId}-\${AWS::Region}",
          },
          "S3Key": "970bd53cf29941f64a89b957452eb6b305c5b12f0c681e3589656dd65f1234fb.zip",
        },
        "Environment": Object {
          "Variables": Object {
            "AWS_NODEJS_CONNECTION_REUSE_ENABLED": "1",
            "QUEUE_URL": Object {
              "Ref": "IngestionForTFQueueFFCCB0A7",
            },
            "TABLE_NAME": Object {
              "Ref": "IngestionForTFTableC33B2FBD",
            },
            "TAG": "cdktf",
          },
        },
        "Handler": "index.handler",
        "Role": Object {
          "Fn::GetAtt": Array [
            "IngestionForTFReaderServiceRole6E7755E6",
            "Arn",
          ],
        },
        "Runtime": "nodejs14.x",
      },
      "Type": "AWS::Lambda::Function",
    },
    "IngestionForTFReaderServiceRole6E7755E6": Object {
      "Properties": Object {
        "AssumeRolePolicyDocument": Object {
          "Statement": Array [
            Object {
              "Action": "sts:AssumeRole",
              "Effect": "Allow",
              "Principal": Object {
                "Service": "lambda.amazonaws.com",
              },
            },
          ],
          "Version": "2012-10-17",
        },
        "ManagedPolicyArns": Array [
          Object {
            "Fn::Join": Array [
              "",
              Array [
                "arn:",
                Object {
                  "Ref": "AWS::Partition",
                },
                ":iam::aws:policy/service-role/AWSLambdaBasicExecutionRole",
              ],
            ],
          },
        ],
      },
      "Type": "AWS::IAM::Role",
    },
    "IngestionForTFReaderServiceRoleDefaultPolicyD6B56793": Object {
      "Properties": Object {
        "PolicyDocument": Object {
          "Statement": Array [
            Object {
              "Action": Array [
                "dynamodb:BatchGetItem",
                "dynamodb:GetRecords",
                "dynamodb:GetShardIterator",
                "dynamodb:Query",
                "dynamodb:GetItem",
                "dynamodb:Scan",
                "dynamodb:ConditionCheckItem",
                "dynamodb:BatchWriteItem",
                "dynamodb:PutItem",
                "dynamodb:UpdateItem",
                "dynamodb:DeleteItem",
                "dynamodb:DescribeTable",
              ],
              "Effect": "Allow",
              "Resource": Array [
                Object {
                  "Fn::GetAtt": Array [
                    "IngestionForTFTableC33B2FBD",
                    "Arn",
                  ],
                },
                Object {
                  "Ref": "AWS::NoValue",
                },
              ],
            },
            Object {
              "Action": Array [
                "sqs:SendMessage",
                "sqs:GetQueueAttributes",
                "sqs:GetQueueUrl",
              ],
              "Effect": "Allow",
              "Resource": Object {
                "Fn::GetAtt": Array [
                  "IngestionForTFQueueFFCCB0A7",
                  "Arn",
                ],
              },
            },
            Object {
              "Action": Array [
                "kms:Decrypt",
                "kms:Encrypt",
                "kms:ReEncrypt*",
                "kms:GenerateDataKey*",
              ],
              "Effect": "Allow",
              "Resource": Object {
                "Fn::GetAtt": Array [
                  "IngestionForTFQueueKeyFCFB8D39",
                  "Arn",
                ],
              },
            },
            Object {
              "Action": "cloudwatch:PutMetricData",
              "Effect": "Allow",
              "Resource": "*",
            },
          ],
          "Version": "2012-10-17",
        },
        "PolicyName": "IngestionForTFReaderServiceRoleDefaultPolicyD6B56793",
        "Roles": Array [
          Object {
            "Ref": "IngestionForTFReaderServiceRole6E7755E6",
          },
        ],
      },
      "Type": "AWS::IAM::Policy",
    },
    "IngestionForTFTableC33B2FBD": Object {
      "DeletionPolicy": "Retain",
      "Properties": Object {
        "AttributeDefinitions": Array [
          Object {
            "AttributeName": "pk",
            "AttributeType": "S",
          },
          Object {
            "AttributeName": "sk",
            "AttributeType": "S",
          },
        ],
        "KeySchema": Array [
          Object {
            "AttributeName": "pk",
            "KeyType": "HASH",
          },
          Object {
            "AttributeName": "sk",
            "KeyType": "RANGE",
          },
        ],
        "ProvisionedThroughput": Object {
          "ReadCapacityUnits": 1,
          "WriteCapacityUnits": 1,
        },
        "SSESpecification": Object {
          "SSEEnabled": true,
        },
      },
      "Type": "AWS::DynamoDB::Table",
      "UpdateReplacePolicy": "Retain",
    },
    "IngestionForTFTimerAllowEventRuletestIngestionForTFReaderEA33AD184451915F": Object {
      "Properties": Object {
        "Action": "lambda:InvokeFunction",
        "FunctionName": Object {
          "Fn::GetAtt": Array [
            "IngestionForTFReaderDB6E24DC",
            "Arn",
          ],
        },
        "Principal": "events.amazonaws.com",
        "SourceArn": Object {
          "Fn::GetAtt": Array [
            "IngestionForTFTimerBA843FE3",
            "Arn",
          ],
        },
      },
      "Type": "AWS::Lambda::Permission",
    },
    "IngestionForTFTimerBA843FE3": Object {
      "Properties": Object {
        "ScheduleExpression": "rate(1 day)",
        "State": "ENABLED",
        "Targets": Array [
          Object {
            "Arn": Object {
              "Fn::GetAtt": Array [
                "IngestionForTFReaderDB6E24DC",
                "Arn",
              ],
            },
            "Id": "Target0",
          },
        ],
      },
      "Type": "AWS::Events::Rule",
    },
    "IngestionQueue8DED9A6F": Object {
      "DeletionPolicy": "Delete",
      "Properties": Object {
        "KmsMasterKeyId": Object {
          "Fn::GetAtt": Array [
            "IngestionQueueKey11AC9CC2",
            "Arn",
          ],
        },
      },
      "Type": "AWS::SQS::Queue",
      "UpdateReplacePolicy": "Delete",
    },
    "IngestionQueueKey11AC9CC2": Object {
      "DeletionPolicy": "Retain",
      "Properties": Object {
        "Description": "Created by test/Ingestion/Queue",
        "KeyPolicy": Object {
          "Statement": Array [
            Object {
              "Action": "kms:*",
              "Effect": "Allow",
              "Principal": Object {
                "AWS": Object {
                  "Fn::Join": Array [
                    "",
                    Array [
                      "arn:",
                      Object {
                        "Ref": "AWS::Partition",
                      },
                      ":iam::",
                      Object {
                        "Ref": "AWS::AccountId",
                      },
                      ":root",
                    ],
                  ],
                },
              },
              "Resource": "*",
            },
          ],
          "Version": "2012-10-17",
        },
      },
      "Type": "AWS::KMS::Key",
      "UpdateReplacePolicy": "Retain",
    },
    "IngestionReader9D51DF6E": Object {
      "DependsOn": Array [
        "IngestionReaderServiceRoleDefaultPolicy57024BE4",
        "IngestionReaderServiceRoleA7C758B2",
      ],
      "Properties": Object {
        "Code": Object {
          "S3Bucket": Object {
            "Fn::Sub": "cdk-hnb659fds-assets-\${AWS::AccountId}-\${AWS::Region}",
          },
          "S3Key": "970bd53cf29941f64a89b957452eb6b305c5b12f0c681e3589656dd65f1234fb.zip",
        },
        "Environment": Object {
          "Variables": Object {
            "AWS_NODEJS_CONNECTION_REUSE_ENABLED": "1",
            "QUEUE_URL": Object {
              "Ref": "IngestionQueue8DED9A6F",
            },
            "TABLE_NAME": Object {
              "Ref": "IngestionTable871E5FCB",
            },
            "TAG": "aws-cdk",
          },
        },
        "Handler": "index.handler",
        "Role": Object {
          "Fn::GetAtt": Array [
            "IngestionReaderServiceRoleA7C758B2",
            "Arn",
          ],
        },
        "Runtime": "nodejs14.x",
      },
      "Type": "AWS::Lambda::Function",
    },
    "IngestionReaderServiceRoleA7C758B2": Object {
      "Properties": Object {
        "AssumeRolePolicyDocument": Object {
          "Statement": Array [
            Object {
              "Action": "sts:AssumeRole",
              "Effect": "Allow",
              "Principal": Object {
                "Service": "lambda.amazonaws.com",
              },
            },
          ],
          "Version": "2012-10-17",
        },
        "ManagedPolicyArns": Array [
          Object {
            "Fn::Join": Array [
              "",
              Array [
                "arn:",
                Object {
                  "Ref": "AWS::Partition",
                },
                ":iam::aws:policy/service-role/AWSLambdaBasicExecutionRole",
              ],
            ],
          },
        ],
      },
      "Type": "AWS::IAM::Role",
    },
    "IngestionReaderServiceRoleDefaultPolicy57024BE4": Object {
      "Properties": Object {
        "PolicyDocument": Object {
          "Statement": Array [
            Object {
              "Action": Array [
                "dynamodb:BatchGetItem",
                "dynamodb:GetRecords",
                "dynamodb:GetShardIterator",
                "dynamodb:Query",
                "dynamodb:GetItem",
                "dynamodb:Scan",
                "dynamodb:ConditionCheckItem",
                "dynamodb:BatchWriteItem",
                "dynamodb:PutItem",
                "dynamodb:UpdateItem",
                "dynamodb:DeleteItem",
                "dynamodb:DescribeTable",
              ],
              "Effect": "Allow",
              "Resource": Array [
                Object {
                  "Fn::GetAtt": Array [
                    "IngestionTable871E5FCB",
                    "Arn",
                  ],
                },
                Object {
                  "Ref": "AWS::NoValue",
                },
              ],
            },
            Object {
              "Action": Array [
                "sqs:SendMessage",
                "sqs:GetQueueAttributes",
                "sqs:GetQueueUrl",
              ],
              "Effect": "Allow",
              "Resource": Object {
                "Fn::GetAtt": Array [
                  "IngestionQueue8DED9A6F",
                  "Arn",
                ],
              },
            },
            Object {
              "Action": Array [
                "kms:Decrypt",
                "kms:Encrypt",
                "kms:ReEncrypt*",
                "kms:GenerateDataKey*",
              ],
              "Effect": "Allow",
              "Resource": Object {
                "Fn::GetAtt": Array [
                  "IngestionQueueKey11AC9CC2",
                  "Arn",
                ],
              },
            },
            Object {
              "Action": "cloudwatch:PutMetricData",
              "Effect": "Allow",
              "Resource": "*",
            },
          ],
          "Version": "2012-10-17",
        },
        "PolicyName": "IngestionReaderServiceRoleDefaultPolicy57024BE4",
        "Roles": Array [
          Object {
            "Ref": "IngestionReaderServiceRoleA7C758B2",
          },
        ],
      },
      "Type": "AWS::IAM::Policy",
    },
    "IngestionTable871E5FCB": Object {
      "DeletionPolicy": "Retain",
      "Properties": Object {
        "AttributeDefinitions": Array [
          Object {
            "AttributeName": "pk",
            "AttributeType": "S",
          },
          Object {
            "AttributeName": "sk",
            "AttributeType": "S",
          },
        ],
        "KeySchema": Array [
          Object {
            "AttributeName": "pk",
            "KeyType": "HASH",
          },
          Object {
            "AttributeName": "sk",
            "KeyType": "RANGE",
          },
        ],
        "ProvisionedThroughput": Object {
          "ReadCapacityUnits": 1,
          "WriteCapacityUnits": 1,
        },
        "SSESpecification": Object {
          "SSEEnabled": true,
        },
      },
      "Type": "AWS::DynamoDB::Table",
      "UpdateReplacePolicy": "Retain",
    },
    "IngestionTimer06B2192B": Object {
      "Properties": Object {
        "ScheduleExpression": "rate(1 day)",
        "State": "ENABLED",
        "Targets": Array [
          Object {
            "Arn": Object {
              "Fn::GetAtt": Array [
                "IngestionReader9D51DF6E",
                "Arn",
              ],
            },
            "Id": "Target0",
          },
        ],
      },
      "Type": "AWS::Events::Rule",
    },
    "IngestionTimerAllowEventRuletestIngestionReaderE85444C0E0C29024": Object {
      "Properties": Object {
        "Action": "lambda:InvokeFunction",
        "FunctionName": Object {
          "Fn::GetAtt": Array [
            "IngestionReader9D51DF6E",
            "Arn",
          ],
        },
        "Principal": "events.amazonaws.com",
        "SourceArn": Object {
          "Fn::GetAtt": Array [
            "IngestionTimer06B2192B",
            "Arn",
          ],
        },
      },
      "Type": "AWS::Lambda::Permission",
    },
    "Notifier7BE3979E": Object {
      "DependsOn": Array [
        "NotifierServiceRoleDefaultPolicyA96EB3C8",
        "NotifierServiceRole59AC675D",
      ],
      "Properties": Object {
        "Code": Object {
          "S3Bucket": Object {
            "Fn::Sub": "cdk-hnb659fds-assets-\${AWS::AccountId}-\${AWS::Region}",
          },
          "S3Key": "1d42d9f51987ca4c58fa299f1a4afc1914e4eec768ee599d122ea7cce35e3730.zip",
        },
        "Environment": Object {
          "Variables": Object {
            "AWS_NODEJS_CONNECTION_REUSE_ENABLED": "1",
            "SLACK_WEBHOOK_SECRET": Object {
              "Ref": "NotifierSlackWebhook13B7B021",
            },
          },
        },
        "Handler": "index.handler",
        "Role": Object {
          "Fn::GetAtt": Array [
            "NotifierServiceRole59AC675D",
            "Arn",
          ],
        },
        "Runtime": "nodejs14.x",
      },
      "Type": "AWS::Lambda::Function",
    },
    "NotifierServiceRole59AC675D": Object {
      "Properties": Object {
        "AssumeRolePolicyDocument": Object {
          "Statement": Array [
            Object {
              "Action": "sts:AssumeRole",
              "Effect": "Allow",
              "Principal": Object {
                "Service": "lambda.amazonaws.com",
              },
            },
          ],
          "Version": "2012-10-17",
        },
        "ManagedPolicyArns": Array [
          Object {
            "Fn::Join": Array [
              "",
              Array [
                "arn:",
                Object {
                  "Ref": "AWS::Partition",
                },
                ":iam::aws:policy/service-role/AWSLambdaBasicExecutionRole",
              ],
            ],
          },
        ],
      },
      "Type": "AWS::IAM::Role",
    },
    "NotifierServiceRoleDefaultPolicyA96EB3C8": Object {
      "Properties": Object {
        "PolicyDocument": Object {
          "Statement": Array [
            Object {
              "Action": Array [
                "secretsmanager:GetSecretValue",
                "secretsmanager:DescribeSecret",
              ],
              "Effect": "Allow",
              "Resource": Object {
                "Ref": "NotifierSlackWebhook13B7B021",
              },
            },
            Object {
              "Action": Array [
                "sqs:ReceiveMessage",
                "sqs:ChangeMessageVisibility",
                "sqs:GetQueueUrl",
                "sqs:DeleteMessage",
                "sqs:GetQueueAttributes",
              ],
              "Effect": "Allow",
              "Resource": Object {
                "Fn::GetAtt": Array [
                  "IngestionQueue8DED9A6F",
                  "Arn",
                ],
              },
            },
            Object {
              "Action": "kms:Decrypt",
              "Effect": "Allow",
              "Resource": Object {
                "Fn::GetAtt": Array [
                  "IngestionQueueKey11AC9CC2",
                  "Arn",
                ],
              },
            },
          ],
          "Version": "2012-10-17",
        },
        "PolicyName": "NotifierServiceRoleDefaultPolicyA96EB3C8",
        "Roles": Array [
          Object {
            "Ref": "NotifierServiceRole59AC675D",
          },
        ],
      },
      "Type": "AWS::IAM::Policy",
    },
    "NotifierSlackWebhook13B7B021": Object {
      "DeletionPolicy": "Delete",
      "Properties": Object {
        "GenerateSecretString": Object {},
      },
      "Type": "AWS::SecretsManager::Secret",
      "UpdateReplacePolicy": "Delete",
    },
    "NotifierSqsEventSourcetestIngestionQueue80F6FE84D6E37AB3": Object {
      "Properties": Object {
        "EventSourceArn": Object {
          "Fn::GetAtt": Array [
            "IngestionQueue8DED9A6F",
            "Arn",
          ],
        },
        "FunctionName": Object {
          "Ref": "Notifier7BE3979E",
        },
      },
      "Type": "AWS::Lambda::EventSourceMapping",
    },
    "NotifierTfNotifier76D88D05": Object {
      "DependsOn": Array [
        "NotifierTfNotifierServiceRoleDefaultPolicyAAF2EAC9",
        "NotifierTfNotifierServiceRole3C49E1D2",
      ],
      "Properties": Object {
        "Code": Object {
          "S3Bucket": Object {
            "Fn::Sub": "cdk-hnb659fds-assets-\${AWS::AccountId}-\${AWS::Region}",
          },
          "S3Key": "1d42d9f51987ca4c58fa299f1a4afc1914e4eec768ee599d122ea7cce35e3730.zip",
        },
        "Environment": Object {
          "Variables": Object {
            "AWS_NODEJS_CONNECTION_REUSE_ENABLED": "1",
            "SLACK_WEBHOOK_SECRET": Object {
              "Ref": "NotifierTfSlackWebhook7413FE9E",
            },
          },
        },
        "Handler": "index.handler",
        "Role": Object {
          "Fn::GetAtt": Array [
            "NotifierTfNotifierServiceRole3C49E1D2",
            "Arn",
          ],
        },
        "Runtime": "nodejs14.x",
      },
      "Type": "AWS::Lambda::Function",
    },
    "NotifierTfNotifierServiceRole3C49E1D2": Object {
      "Properties": Object {
        "AssumeRolePolicyDocument": Object {
          "Statement": Array [
            Object {
              "Action": "sts:AssumeRole",
              "Effect": "Allow",
              "Principal": Object {
                "Service": "lambda.amazonaws.com",
              },
            },
          ],
          "Version": "2012-10-17",
        },
        "ManagedPolicyArns": Array [
          Object {
            "Fn::Join": Array [
              "",
              Array [
                "arn:",
                Object {
                  "Ref": "AWS::Partition",
                },
                ":iam::aws:policy/service-role/AWSLambdaBasicExecutionRole",
              ],
            ],
          },
        ],
      },
      "Type": "AWS::IAM::Role",
    },
    "NotifierTfNotifierServiceRoleDefaultPolicyAAF2EAC9": Object {
      "Properties": Object {
        "PolicyDocument": Object {
          "Statement": Array [
            Object {
              "Action": Array [
                "secretsmanager:GetSecretValue",
                "secretsmanager:DescribeSecret",
              ],
              "Effect": "Allow",
              "Resource": Object {
                "Ref": "NotifierTfSlackWebhook7413FE9E",
              },
            },
            Object {
              "Action": Array [
                "sqs:ReceiveMessage",
                "sqs:ChangeMessageVisibility",
                "sqs:GetQueueUrl",
                "sqs:DeleteMessage",
                "sqs:GetQueueAttributes",
              ],
              "Effect": "Allow",
              "Resource": Object {
                "Fn::GetAtt": Array [
                  "IngestionForTFQueueFFCCB0A7",
                  "Arn",
                ],
              },
            },
            Object {
              "Action": "kms:Decrypt",
              "Effect": "Allow",
              "Resource": Object {
                "Fn::GetAtt": Array [
                  "IngestionForTFQueueKeyFCFB8D39",
                  "Arn",
                ],
              },
            },
          ],
          "Version": "2012-10-17",
        },
        "PolicyName": "NotifierTfNotifierServiceRoleDefaultPolicyAAF2EAC9",
        "Roles": Array [
          Object {
            "Ref": "NotifierTfNotifierServiceRole3C49E1D2",
          },
        ],
      },
      "Type": "AWS::IAM::Policy",
    },
    "NotifierTfNotifierSqsEventSourcetestIngestionForTFQueueEFCF6F7F8CBC90D4": Object {
      "Properties": Object {
        "EventSourceArn": Object {
          "Fn::GetAtt": Array [
            "IngestionForTFQueueFFCCB0A7",
            "Arn",
          ],
        },
        "FunctionName": Object {
          "Ref": "NotifierTfNotifier76D88D05",
        },
      },
      "Type": "AWS::Lambda::EventSourceMapping",
    },
    "NotifierTfSlackWebhook7413FE9E": Object {
      "DeletionPolicy": "Delete",
      "Properties": Object {
        "GenerateSecretString": Object {},
      },
      "Type": "AWS::SecretsManager::Secret",
      "UpdateReplacePolicy": "Delete",
    },
  },
  "Rules": Object {
    "CheckBootstrapVersion": Object {
      "Assertions": Array [
        Object {
          "Assert": Object {
            "Fn::Not": Array [
              Object {
                "Fn::Contains": Array [
                  Array [
                    "1",
                    "2",
                    "3",
                    "4",
                    "5",
                  ],
                  Object {
                    "Ref": "BootstrapVersion",
                  },
                ],
              },
            ],
          },
          "AssertDescription": "CDK bootstrap stack version 6 required. Please run 'cdk bootstrap' with a recent version of the CDK CLI.",
        },
      ],
    },
  },
}
`;
